<testsuites name="results">
  <testsuite name="all" package="all">
    <property name="random_seed" value="1743361971" />
    <testcase name="test" classname="ScanChain_starter" file="/Users/eunicelee/Desktop/CMU/18224/ex9-scanning-chains-yyunis/ScanChain_starter.py" lineno="183" time="0.004363059997558594" sim_time_ns="1560.001" ratio_time="357547.4554264481" />
  </testsuite>
</testsuites>
